
There are no discarded input sections

Memory Configuration

Name             Origin             Length             Attributes
FLASH            0x08000000         0x00080000         xr
SRAM             0x20000000         0x00020000         xrw
*default*        0x00000000         0xffffffff

Linker script and memory map

LOAD main.o
LOAD GPIO_prog.o
LOAD RCC_prog.o
LOAD STM32_F446RE_Startup.o

.text           0x08000000      0x870
 *(.isr_vector)
 .isr_vector    0x08000000      0x1c4 STM32_F446RE_Startup.o
                0x08000000                Vectors
 *(.text)
 .text          0x080001c4       0x34 main.o
                0x080001c4                main
 .text          0x080001f8      0x2e0 GPIO_prog.o
                0x080001f8                GPIO_u8PinInit
                0x08000448                GPIO_u8SetPinValue
 .text          0x080004d8      0x308 RCC_prog.o
                0x080004d8                RCC_SetClkStatus
                0x08000618                RCC_SetSysClk
                0x08000648                RCC_HSEConfig
                0x0800067c                RCC_PLLConfig
                0x08000704                RCC_AHB1EnableCLK
                0x08000730                RCC_AHB2EnableCLK
                0x0800075c                RCC_AHB3EnableCLK
                0x08000788                RCC_APB1EnableCLK
                0x080007b4                RCC_APB2EnableCLK
 .text          0x080007e0       0x90 STM32_F446RE_Startup.o
                0x080007e0                Reset_Handler
                0x08000868                EXTI2_IRQHandler
                0x08000868                TIM8_CC_IRQHandler
                0x08000868                DebugMon_Handler
                0x08000868                FMPI2C1_EV_IRQHandler
                0x08000868                SPI4_IRQHandler
                0x08000868                TIM1_CC_IRQHandler
                0x08000868                DMA2_Stream5_IRQHandler
                0x08000868                HardFault_Handler
                0x08000868                DMA1_Stream5_IRQHandler
                0x08000868                SysTick_Handler
                0x08000868                PVD_IRQHandler
                0x08000868                SDIO_IRQHandler
                0x08000868                TAMP_STAMP_IRQHandler
                0x08000868                PendSV_Handler
                0x08000868                NMI_Handler
                0x08000868                CAN2_RX1_IRQHandler
                0x08000868                EXTI3_IRQHandler
                0x08000868                TIM1_UP_TIM10_IRQHandler
                0x08000868                TIM8_UP_TIM13_IRQHandler
                0x08000868                I2C3_ER_IRQHandler
                0x08000868                EXTI0_IRQHandler
                0x08000868                I2C2_EV_IRQHandler
                0x08000868                DMA1_Stream2_IRQHandler
                0x08000868                CAN1_RX0_IRQHandler
                0x08000868                FPU_IRQHandler
                0x08000868                OTG_HS_WKUP_IRQHandler
                0x08000868                UsageFault_Handler
                0x08000868                CAN2_SCE_IRQHandler
                0x08000868                DMA2_Stream2_IRQHandler
                0x08000868                SPI1_IRQHandler
                0x08000868                TIM6_DAC_IRQHandler
                0x08000868                TIM1_BRK_TIM9_IRQHandler
                0x08000868                DCMI_IRQHandler
                0x08000868                CAN2_RX0_IRQHandler
                0x08000868                DMA2_Stream3_IRQHandler
                0x08000868                SAI2_IRQHandler
                0x08000868                USART6_IRQHandler
                0x08000868                TIM1_TRG_COM_TIM11_IRQHandl
                0x08000868                USART3_IRQHandler
                0x08000868                RTC_Alarm_IRQHandler
                0x08000868                TIM8_TRG_COM_TIM14_IRQHandl
                0x08000868                CAN1_RX1_IRQHandler
                0x08000868                UART5_IRQHandler
                0x08000868                DMA2_Stream0_IRQHandler
                0x08000868                TIM4_IRQHandler
                0x08000868                QUADSPI_IRQHandler
                0x08000868                I2C1_EV_IRQHandler
                0x08000868                DMA1_Stream6_IRQHandler
                0x08000868                DMA1_Stream1_IRQHandler
                0x08000868                UART4_IRQHandler
                0x08000868                TIM3_IRQHandler
                0x08000868                RCC_IRQHandler
                0x08000868                TIM8_BRK_TIM12_IRQHandler
                0x08000868                Default_Handler
                0x08000868                CEC_IRQHandler
                0x08000868                EXTI15_10_IRQHandler
                0x08000868                ADC_IRQHandler
                0x08000868                DMA1_Stream7_IRQHandler
                0x08000868                TIM7_IRQHandler
                0x08000868                CAN2_TX_IRQHandler
                0x08000868                TIM5_IRQHandler
                0x08000868                DMA2_Stream7_IRQHandler
                0x08000868                I2C3_EV_IRQHandler
                0x08000868                EXTI9_5_IRQHandler
                0x08000868                RTC_WKUP_IRQHandler
                0x08000868                SPDIF_RX_IRQHandler
                0x08000868                SPI2_IRQHandler
                0x08000868                OTG_HS_EP1_IN_IRQHandler
                0x08000868                MemManage_Handler
                0x08000868                DMA1_Stream0_IRQHandler
                0x08000868                CAN1_TX_IRQHandler
                0x08000868                SVC_Handler
                0x08000868                FMPI2C1_ER_IRQHandler
                0x08000868                EXTI4_IRQHandler
                0x08000868                OTG_HS_EP1_OUT_IRQHandler
                0x08000868                WWDG_IRQHandler
                0x08000868                TIM2_IRQHandler
                0x08000868                OTG_FS_WKUP_IRQHandler
                0x08000868                OTG_HS_IRQHandler
                0x08000868                EXTI1_IRQHandler
                0x08000868                USART2_IRQHandler
                0x08000868                I2C2_ER_IRQHandler
                0x08000868                DMA2_Stream1_IRQHandler
                0x08000868                CAN1_SCE_IRQHandler
                0x08000868                FLASH_IRQHandler
                0x08000868                DMA2_Stream4_IRQHandler
                0x08000868                BusFault_Handler
                0x08000868                USART1_IRQHandler
                0x08000868                OTG_FS_IRQHandler
                0x08000868                SPI3_IRQHandler
                0x08000868                DMA1_Stream4_IRQHandler
                0x08000868                I2C1_ER_IRQHandler
                0x08000868                FMC_IRQHandler
                0x08000868                DMA2_Stream6_IRQHandler
                0x08000868                SAI1_IRQHandler
                0x08000868                DMA1_Stream3_IRQHandler
 *(.rodata)
                0x08000870                        . = ALIGN (0x4)
                0x08000870                        _etext = .

.glue_7         0x08000870        0x0
 .glue_7        0x08000870        0x0 linker stubs

.glue_7t        0x08000870        0x0
 .glue_7t       0x08000870        0x0 linker stubs

.vfp11_veneer   0x08000870        0x0
 .vfp11_veneer  0x08000870        0x0 linker stubs

.v4_bx          0x08000870        0x0
 .v4_bx         0x08000870        0x0 linker stubs

.iplt           0x08000870        0x0
 .iplt          0x08000870        0x0 main.o

.rel.dyn        0x08000870        0x0
 .rel.iplt      0x08000870        0x0 main.o

.data           0x20000000       0x20 load address 0x08000870
                0x20000000                        _sdata = .
 *(.data)
 .data          0x20000000        0x0 main.o
 .data          0x20000000       0x20 GPIO_prog.o
 .data          0x20000020        0x0 RCC_prog.o
 .data          0x20000020        0x0 STM32_F446RE_Startup.o
                0x20000020                        . = ALIGN (0x4)
                0x20000020                        _edata = .

.igot.plt       0x20000020        0x0 load address 0x08000890
 .igot.plt      0x20000020        0x0 main.o

.bss            0x20000020        0x0 load address 0x08000890
                0x20000020                        _sbss = .
 *(.bss)
 .bss           0x20000020        0x0 main.o
 .bss           0x20000020        0x0 GPIO_prog.o
 .bss           0x20000020        0x0 RCC_prog.o
 .bss           0x20000020        0x0 STM32_F446RE_Startup.o
                0x20000020                        . = ALIGN (0x4)
                0x20000020                        _ebss = .
OUTPUT(final.elf elf32-littlearm)
LOAD linker stubs

.comment        0x00000000       0x44
 .comment       0x00000000       0x44 main.o
                                 0x45 (size before relaxing)
 .comment       0x00000044       0x45 GPIO_prog.o
 .comment       0x00000044       0x45 RCC_prog.o
 .comment       0x00000044       0x45 STM32_F446RE_Startup.o

.ARM.attributes
                0x00000000       0x2e
 .ARM.attributes
                0x00000000       0x2e main.o
 .ARM.attributes
                0x0000002e       0x2e GPIO_prog.o
 .ARM.attributes
                0x0000005c       0x2e RCC_prog.o
 .ARM.attributes
                0x0000008a       0x2e STM32_F446RE_Startup.o
